598
6978
2594
5916
735
3620
3045
1331
1579
142
7354
3460
5988
2661
5480
8174
5944
680
5501
526
3595
911
860
6625
1819
14120
7748
8320
10505
947
2439
3348
5492
4676
7008
2691
2950
184
2759
1802
1470
1297
2111
4296
1833
3915
6451
1346
