5.6
7.46812
7.44444
7.70556
10.7727
7.48358
11.3926
11.2154
8.27907
11.5968
3.35417
8.25294
3.02979
1.7284
10.4957
6.825
2.62273
2.6
10.2455
5.66667
14.5421
10.5
6.3
9.10759
0.840643
0.404514
3.8885
3.19086
2.6323
2.06714
8.20455
1.91071
4.67216
1.28823
9.9951
0.868861
12.1667
11.2
5.42268
16.0522
11.7316
10.4894
10.7456
11.1027
11.2667
15.3049
14.4571
10.9239
