106
131
85
91
201
153
183
189
119
137
157
53
78
160
129
203
79
97
103
131
145
98
118
190
88
139
162
75
234
224
156
95
219
76
128
201
