20.05
19.94
0.94
-0.12
22.85
9.86
2.64
45.46
22.4
9.24
3.32
20.75
-26.72
-14.05
-8.16
-28.35
-53.18
-18.63
-57.8
-25.8
-19.4
-37.9
1.46
-19.9
-32
15.03
4.3
-82.9
7.5
21.78
17.08
12.32
15.18
-51.23
-29.57
-25.15
-5
-42.15
-44.05
-39.63
-11.1
-63.62
-42.7
-20.98
-8.59
-24.75
-23.24
-31.42
