9.3
14.9
5.4
13.2
8.2
3.9
8
-4.6
7.8
4.7
1.5
9.2
11.8
7.8
-0.7
10.8
2.8
9.9
1.8
4.3
15.2
10.7
3.9
0.2
-2
6.8
18.2
11.5
1.6
-2
5.4
6.6
16.4
7.2
11.8
14.4
-7.5
-11.2
3.6
9.9
-3
-3.1
1.7
2.8
4.7
2.4
0.9
7
