-12
-87
-22
37
-44
-37
-62
8
10
-114
-75
-81
-67
12
-41
-58
-74
-44
-42
-98
-41
-97
-45
-9
-147
-180
-172
-144
-55
-217
-95
-65
-152
-65
-140
-48
-125
-125
25
-108
-94
-100
-8
-72
-92
-93
-35
44
