-3.8
-12.3
-11.7
-2
-6.6
-13.9
-8.6
-4.4
-2.6
0.8
-1.6
-3.8
-0.2
-1.4
-6.8
-4.8
-2.1
-4
-15.5
-11.1
-0.4
3.2
-3
-1
-5.3
-12.5
-12.1
-5.9
-11.4
-8.4
-8.3
-11.7
-17.9
-12.1
2.7
-22.6
-16.6
-11.8
-12
-10.1
-13.1
-13.2
-7.5
-17.2
-14.8
0.5
-14.3
-12.3
