-4
-45
-47
-80
-56
-63
-18
-51
-70
-30
-89
-9
17
-2
65
1
33
30
43
41
-2
16
-5
43
-2
2
1
0
4
-2
-6
5
0
5
1
1
