7.19677
-2.54286
1.04688
4.61538
3.8
4.26383
2.48409
-0.864516
3.33684
6.9
-0.366667
7.375
-3.12258
-7.14848
-5.99492
-6.04375
-6.075
-7.5791
-8.26364
-5.11429
-1.23636
-3.76271
-0.988889
-5.60256
-5.55
1.03333
-0.90625
-4.1963
-2.72308
2.54
2.10784
-3.86111
-5.19296
-6.26575
-5.43846
3.48312
2.89812
0.0872093
-0.341414
7.56973
-0.880159
-0.375
1.14417
0.42735
-0.596825
0.166159
-1.53611
-1.8
