6
100
4
7
39
8
92
50
84
6
37
29
77
-2
24
25
50
11
37
65
51
1
69
110
81
66
126
92
108
122
156
169
126
41
174
73
-61
48
49
-30
82
-70
91
53
-58
-108
-78
36
