13.62
23.42
52.43
35.28
67.2
43.13
13.96
57.19
72.24
14.72
80.42
23.8
49.56
76.6
67.21
45.05
20.26
27.84
61.05
20.54
27.85
8.14
89.5
61.86
68.59
102.67
7.56
152.67
69.4
90
122.03
90.27
52.15
22.56
87.03
35.4
37.34
82.43
29.78
69.78
22.18
60.58
78.05
70.62
42.44
55.2
11.9
65.1
