59
20
54
72
47
25
23
25
2
30
17
9
19
9
9
97
23
8
62
32
80
61
69
12
39
129
161
87
89
61
66
83
137
85
90
162
1
1
0
0
2
2
12
2
1
1
0
2
