0
0
0
0
0
0
0
0
0
0
0
0
5
3
9
5
12
9
4
2
10
11
8
7
0
3
0
0
1
2
3
1
0
1
0
0
