56
184
47
0
5
0
0
1118
166
176
120
124
52
13
23
236
0
56
12
319
53
49
0
2
1
20
3
0
0
0
0
0
0
0
0
0
4192
333
924
12408
1
11880
27
4510
3900
63
630
2652
