522.5
544.5
191.7
347.6
739.2
18
257.4
245.7
168
317.2
427.8
177.5
243.2
37.7
281.2
552.9
782.1
249.6
87
178.5
110.2
309.4
345.6
399.5
3936
2262
1824
1640
2890
371
24
1485
3139
6984
3822
3854
