380
129532
25947
38171
6720
144540
145728
46170
373176
56160
38478
89964
79344
134676
11495
44280
29575
10890
39330
60736
234807
188940
525
2856
1771200
659932
8382528
2722005
5869542
4609440
824760
17731818
11363520
176640
400624
15288000
71511440
489720
10383120
4422600
12678120
4558680
8223930
1198800
319599
18400500
20159524
232848
