-7.36842
-1.85464
-2.64545
-2.73793
-4.12222
3.47059
0.0571429
-2.76875
-3.19737
-8.04
-5.68947
-4.71194
7.31519
0.111111
3.12973
3.69474
5.95
7.56735
2.86
1.21935
4.35714
1.31667
4.39091
3.89167
-0.143162
-0.121753
-2.44821
0.647863
2.09564
-0.604555
-0.892198
0.0748299
-1.78636
-0.352367
-0.79651
-1.34066
5.98718
-4.6
0.930769
-0.966667
-4.05
-4.03529
0.474713
-0.814286
6.62963
0.423077
-2.13333
-5.73889
