62
91
47
84
73
68
15
69
90
42
70
36
-42
-94
-35
-42
-65
-24
-15
-45
-45
-63
-86
-8
-59
11
-40
-65
-8
-18
-19
-53
-11
-46
-20
-61
-1
20
20
-1
-1
0
0
0
0
-55
1
4
