2.51579
8.88261
6.64902
3.04615
13.3
5.025
2.20928
6.16154
6.9
9.91856
4.43016
3.4
3.27778
9.99344
8.93118
3.575
6.6
4.94505
8.33924
7.29375
6.69474
7.77692
7.80769
8.25
7.02
8.34928
8.47895
12.6824
5.14324
12.6333
13.2459
14.5565
15.7704
20.5
15.2522
18.4
2.26455
5.0625
1.34093
3.31154
1.39762
5.6268
0.538095
1.21553
1.38247
3.74768
2.40909
7.2913
