9.6
22.59
31.57
23.62
64.44
73.06
17.52
25.5
71.59
15.76
33.18
27.34
56.94
18.92
46.14
29.02
41.3
48
11.75
88.62
28
24.6
18.86
74.38
33.66
43.75
73.9
23.26
32.3
23.48
28.08
28.41
29.55
55.28
35
38.52
115.03
94
50.18
70.11
38.2
55.24
108.28
73.98
84.3
99.21
95.2
54.31
