15.9
10.0516
21.0926
0.396
0.585366
4.32368
1.30519
0.338462
5.02564
9.76154
22.5286
16.9125
5.60952
1.5625
1.58667
4.62778
0.367347
3.65
10.0111
0.917647
28.3345
6.28986
1.75
10.1139
39.3228
223.25
1.55556
56.925
11.8017
16.8475
121.6
60.3454
68.9333
72.9455
9.5
13.968
3.18315
0.135076
1.69231
0.398467
1.87755
22.5208
0.415913
1.11501
1.76364
0.936214
2.30286
7.20184
