3236
333
2832
1867
3770
3013
2520
3690
4336
2331
808
2235
869
80
365
222
1102
1590
90
2404
2014
781
530
2057
3945
3658
1509
136
4142
1677
951
4982
1905
3627
95
737
5857
13244
2804
3969
8211
5373
3880
6216
3981
5953
5333
811
