21
14.7
19.6
26.4
12.6
19.4
14.2
20.3
12.7
18.8
23.6
20.9
18.1
20.7
17.8
24.3
19.1
12.9
21.9
12.5
14.7
11.2
15.7
18
36.1
21.1
12.2
8
17.1
20.1
15.6
26.5
30.6
22.5
18.9
14.3
26.8
29.3
19.1
26.6
26.8
30.4
15.1
20.5
20.3
13.7
28.3
27.5
