-35
-58
-24
-82
-68
-21
-57
-28
-64
-93
-73
-26
75
13
42
42
48
95
16
9
44
89
60
37
-2
-1
0
0
10
25
-14
-90
24
1
1
0
-31
8
78
-28
70
-76
-45
3
-21
-44
-30
-35
