190
181
147
146
209
172
157
192
161
109
157
98
206
92
102
198
109
200
196
122
174
184
110
165
203
281
138
116
242
179
244
102
252
248
242
117
239
298
158
128
194
224
116
196
305
280
285
255
