7.47179
6.31304
30.3261
1.10833
12.1519
2.12911
9.11111
2.5875
3.70741
7.69811
6.1425
51.0625
0.902247
16.704
6.6
1.51875
5.48333
1.13131
1.85181
2.74894
1.81176
17.75
1.375
15.3826
0.438857
1.26342
0.309717
0.194066
0.64435
0.726744
0.642606
0.333333
0.794872
0.219572
0.218845
0.888462
21.7388
18.3096
42.16
5.33235
8.19
27.5056
40.32
9.64089
45.936
11.5694
1.45783
11.9047
