0.10035
0.0463458
0.204082
0.0445696
0.917969
0.356125
0.150862
0.15873
0.145749
0.248677
0.101991
0.110161
0.367347
0.418354
0.32646
0.284392
0.0591043
0.0405625
0.308642
3.72449
0.171429
0.517241
0.148084
0.357906
0.034987
0.0330894
0.179131
0.00311402
0.00434639
0.0299043
0.0056454
0.163518
0.064807
0.143785
0.0751545
0.0158937
0.0924874
0.0511696
0.0527955
0.0562036
0.0697096
0.100114
0.00974461
0.0148625
0.0250841
0.0747508
0.0679496
0.0917522
