106
27
85
44
84
51
32
67
78
40
66
35
55
96
62
97
89
54
82
16
31
34
83
62
15
16
13
16
7
11
7
9
10
8
9
14
