6806
11172
1140
231
2848
3536
3422
2223
4876
6417
3172
3078
2616
11616
1170
2058
798
4995
946
7875
10246
3901
3363
2880
9266
1632
9010
9737
4150
3570
3312
11625
4879
4623
4420
9717
