-2.22
-69.6
-9.9
-11
-25.33
-26.57
-2.6
-31.64
-80.22
-20.93
-10.18
-29.87
12.88
2.3
41.13
-1.82
64
5.25
36.9
16.18
4.98
15.24
24.52
78.78
-58.37
-19.75
-18.31
-46.62
-19.06
-10.82
-25.07
-77.56
-45.05
-29.8
-19.65
-27.65
19.08
17.03
11.04
-38.78
8.73
-49.17
53.44
51.3
-7.09
-58.2
0.15
-10.25
