5.1
7.4
9.5
-6.1
3.7
14
10.2
9.6
7.8
-1.9
9.6
-0.3
13.8
3.8
1.7
5
3.3
1.4
2.8
8
0
2.6
6.1
10.1
-3.3
-8.1
0.5
-5.1
9.6
-4.5
-2.2
3.8
0.9
2.5
7.8
1.5
10.4
10.1
9.1
4.2
3.6
8.3
12.7
9.1
16.7
2.6
13.1
9.3
