36
408
290
210
190
144
325
258
441
178
14
330
378
10
52
204
148
135
144
238
679
228
531
581
8
45
18
18
2
16
8
25
21
6
9
42
