49
-78
112
71
19
83
74
33
8
68
152
30
-9
38
17
3
43
83
-22
-4
3
75
61
-20
73
113
-20
96
-12
-59
30
138
-94
-78
28
-56
81
69
64
99
51
63
172
72
166
213
124
215
