-7855
-4305
-6312
-976
-6494
-3470
-1066
-3643
-2399
-719
-37
-601
7837
886
4021
2031
2457
1627
7800
3886
2916
8184
1579
3019
-1995
-306
-23
-3524
-1944
-950
-556
-5519
-150
-2544
-2263
-5909
1200
519
2882
775
5726
8961
-962
344
84
2345
-2079
-88
