16
39
52
47
0
69
12
-39
33
108
13
2
-9
-26
-66
-69
-7
-25
-38
-17
-47
-20
27
-84
64
16
-49
10
31
0
83
0
29
-35
8
-13
