21.168
47.88
319.68
208.656
33.264
463.98
40.936
392.656
60.102
205.2
247.95
46.746
189.286
6.864
67.65
237.708
85.239
512.488
424.908
13.6
22.344
68.688
336.6
138.632
502.382
398.455
246.643
804.44
347.648
328.86
330.176
181.424
2716.39
345.712
1179.45
503.712
25.7868
637.245
174.96
918.008
18.2
1293.86
250.8
313.038
244.24
1650.41
522.522
119.671
