72.1
51
51.9
54.9
88.7
86.9
12.5
65.3
73.7
12.2
85.2
-3.6
-44.6
-12.5
-39.6
0.6
-77.6
-82
-60.1
-17.2
1
-1.9
-30.8
-2.2
46
-35
-4
-60
95
-15
10
-30
-9
32
22
36
