57
92
45
2
25
100
83
74
56
28
85
41
25
74
78
36
91
34
9
99
63
38
34
84
2
5
1
84
18
1
4
1
11
2
0
4
52
111
73
118
80
68
104
92
108
99
79
86
