38.9474
4.89583
17.381
9.04762
22.1875
15.7895
13.5938
10.2632
10.1053
9
10.5405
19.7143
0.0753086
0.0743243
0.207143
0.6125
0.110294
0.140299
0.677778
0.106818
0.01875
0.124658
0.121127
0.95
7.90909
1.52381
1
2.06818
10.25
0.392857
6.44444
16.3333
0.0941176
0.891892
1.78571
0.615385
