62
1219
7645
269
995
4538
4028
1627
277
3425
1207
5084
-138
-3853
-816
-315
-1211
-1402
-723
-2826
-2960
-1510
-3056
-4221
-161
-987
635
4743
4218
1200
713
-1246
-5570
2063
6268
1531
-1639
-2096
-399
-71
-5341
-1564
-2190
-1660
-7290
-6544
-751
-3458
