15
101
5
51
87
3
147
3
24
4
46
166
129
0
60
0
91
81
0
164
0
0
12
188
1110
3990
4836
646
1645
2021
840
9922
6402
220
602
9576
0
0
0
1
14
5
7
0
0
0
5
1
