27.8
26.1
10.2
93.1
49
51.1
85.6
86
10.5
13.9
17.1
38.9
92
48.3
31.7
94
103.8
12.8
25.6
51
72.2
40.9
105.5
64.8
75
162
145
89
84
85
129
67
141
105
122
110
